Initialized native services in: C:\Users\Administrator\.gradle\native
Initialized jansi services in: C:\Users\Administrator\.gradle\native
The client will now receive all logging from the daemon (pid: 11380). The daemon log file: C:\Users\Administrator\.gradle\daemon\9.4.1\daemon-11380.out.log
Starting 52nd build in daemon [uptime: 4 hrs 8 mins 15.627 secs, performance: 98%, GC rate: 0.00/s, heap usage: 0% of 2 GiB]
Using 4 worker leases.
Operational build model parameters: {cachingModelBuilding=false, configurationCache=true, configurationCacheDisabledReason=null, configurationCacheParallelLoad=true, configurationCacheParallelStore=false, configureOnDemand=false, invalidateCoupledProjects=false, isolatedProjects=false, modelAsProjectDependency=false, modelBuilding=false, parallelModelBuilding=false, parallelProjectConfiguration=false, parallelProjectExecution=false, resilientModelBuilding=false}
Encryption key source: default Gradle keystore (pkcs12)
Now considering [C:\Users\Administrator\AndroidStudioProjects\ImageSearch] as hierarchies to watch
Reusing configuration cache.
Now considering [C:\Users\Administrator\AndroidStudioProjects\ImageSearch] as hierarchies to watch
Watching the file system is configured to be enabled if available
File system watching is active
Tasks to be executed: [task ':app:preBuild', task ':app:preDebugBuild', task ':app:generateDebugResources', task ':app:packageDebugResources', task ':app:processDebugNavigationResources', task ':app:parseDebugLocalResources', task ':app:generateDebugRFile', task ':app:compileDebugKotlin', task ':app:javaPreCompileDebug', task ':app:compileDebugJavaWithJavac', task ':app:checkDebugAarMetadata', task ':app:mapDebugSourceSetPaths', task ':app:compileDebugNavigationResources', task ':app:mergeDebugResources', task ':app:createDebugCompatibleScreenManifests', task ':app:extractDeepLinksDebug', task ':app:processDebugMainManifest', task ':app:processDebugManifest', task ':app:processDebugManifestForPackage', task ':app:processDebugResources', task ':app:bundleDebugClassesToRuntimeJar', task ':app:bundleDebugClassesToCompileJar', task ':app:preDebugUnitTestBuild', task ':app:compileDebugUnitTestKotlin', task ':app:javaPreCompileDebugUnitTest', task ':app:compileDebugUnitTestJavaWithJavac', task ':app:processDebugJavaRes', task ':app:processDebugUnitTestJavaRes', task ':app:testDebugUnitTest', task ':app:test']
Tasks that were excluded: []
Resolve mutations for :app:preBuild (Thread[#1887,Execution worker,5,main]) started.
:app:preBuild (Thread[#1887,Execution worker,5,main]) started.

> Task :app:preBuild UP-TO-DATE
Skipping task ':app:preBuild' as it has no actions.
Resolve mutations for :app:preDebugBuild (Thread[#1887,Execution worker,5,main]) started.
Build da754388-1898-4b0b-a6e6-2881952486e0 is started
Resolve mutations for :app:preDebugUnitTestBuild (Thread[#1886,included builds,5,main]) started.
:app:preDebugBuild (Thread[#1887,Execution worker,5,main]) started.
:app:preDebugUnitTestBuild (Thread[#1886,included builds,5,main]) started.

> Task :app:preDebugUnitTestBuild UP-TO-DATE
Skipping task ':app:preDebugUnitTestBuild' as it has no actions.

> Task :app:preDebugBuild UP-TO-DATE
Skipping task ':app:preDebugBuild' as it has no actions.
Resolve mutations for :app:generateDebugResources (Thread[#1888,Execution worker Thread 2,5,main]) started.
:app:generateDebugResources (Thread[#1888,Execution worker Thread 2,5,main]) started.
Resolve mutations for :app:processDebugNavigationResources (Thread[#1887,Execution worker,5,main]) started.
Resolve mutations for :app:javaPreCompileDebug (Thread[#1886,included builds,5,main]) started.
:app:javaPreCompileDebug (Thread[#1886,included builds,5,main]) started.
Resolve mutations for :app:checkDebugAarMetadata (Thread[#1889,Execution worker Thread 3,5,main]) started.

> Task :app:generateDebugResources UP-TO-DATE
Caching disabled for task ':app:generateDebugResources' because:
  Build cache is disabled
Skipping task ':app:generateDebugResources' as it is up-to-date.
:app:checkDebugAarMetadata (Thread[#1889,Execution worker Thread 3,5,main]) started.
Resolve mutations for :app:packageDebugResources (Thread[#1888,Execution worker Thread 2,5,main]) started.

> Task :app:javaPreCompileDebug UP-TO-DATE
Caching disabled for task ':app:javaPreCompileDebug' because:
  Build cache is disabled
Skipping task ':app:javaPreCompileDebug' as it is up-to-date.
Resolve mutations for :app:mapDebugSourceSetPaths (Thread[#1886,included builds,5,main]) started.
:app:mapDebugSourceSetPaths (Thread[#1886,included builds,5,main]) started.
:app:packageDebugResources (Thread[#1888,Execution worker Thread 2,5,main]) started.

> Task :app:mapDebugSourceSetPaths UP-TO-DATE
Caching disabled for task ':app:mapDebugSourceSetPaths' because:
  Build cache is disabled
  Caching has been disabled for the task
Skipping task ':app:mapDebugSourceSetPaths' as it is up-to-date.
Resolve mutations for :app:mergeDebugResources (Thread[#1886,included builds,5,main]) started.
:app:mergeDebugResources (Thread[#1886,included builds,5,main]) started.

> Task :app:packageDebugResources UP-TO-DATE
Caching disabled for task ':app:packageDebugResources' because:
  Build cache is disabled
Skipping task ':app:packageDebugResources' as it is up-to-date.
Resolve mutations for :app:createDebugCompatibleScreenManifests (Thread[#1888,Execution worker Thread 2,5,main]) started.
:app:createDebugCompatibleScreenManifests (Thread[#1888,Execution worker Thread 2,5,main]) started.

> Task :app:createDebugCompatibleScreenManifests UP-TO-DATE
Caching disabled for task ':app:createDebugCompatibleScreenManifests' because:
  Build cache is disabled
  Caching has been disabled for the task
Skipping task ':app:createDebugCompatibleScreenManifests' as it is up-to-date.
Resolve mutations for :app:extractDeepLinksDebug (Thread[#1888,Execution worker Thread 2,5,main]) started.
:app:extractDeepLinksDebug (Thread[#1888,Execution worker Thread 2,5,main]) started.

> Task :app:extractDeepLinksDebug UP-TO-DATE
Caching disabled for task ':app:extractDeepLinksDebug' because:
  Build cache is disabled
Skipping task ':app:extractDeepLinksDebug' as it is up-to-date.
Resolve mutations for :app:processDebugMainManifest (Thread[#1888,Execution worker Thread 2,5,main]) started.
:app:processDebugMainManifest (Thread[#1888,Execution worker Thread 2,5,main]) started.

> Task :app:checkDebugAarMetadata UP-TO-DATE
Caching disabled for task ':app:checkDebugAarMetadata' because:
  Build cache is disabled
  Caching has been disabled for the task
Skipping task ':app:checkDebugAarMetadata' as it is up-to-date.
Resolve mutations for :app:javaPreCompileDebugUnitTest (Thread[#1889,Execution worker Thread 3,5,main]) started.
:app:javaPreCompileDebugUnitTest (Thread[#1889,Execution worker Thread 3,5,main]) started.

> Task :app:javaPreCompileDebugUnitTest UP-TO-DATE
Caching disabled for task ':app:javaPreCompileDebugUnitTest' because:
  Build cache is disabled
Skipping task ':app:javaPreCompileDebugUnitTest' as it is up-to-date.

> Task :app:mergeDebugResources UP-TO-DATE
Caching disabled for task ':app:mergeDebugResources' because:
  Build cache is disabled
Skipping task ':app:mergeDebugResources' as it is up-to-date.
:app:processDebugNavigationResources (Thread[#1887,Execution worker,5,main]) started.

> Task :app:processDebugNavigationResources UP-TO-DATE
Caching disabled for task ':app:processDebugNavigationResources' because:
  Build cache is disabled
Skipping task ':app:processDebugNavigationResources' as it is up-to-date.
Resolve mutations for :app:parseDebugLocalResources (Thread[#1887,Execution worker,5,main]) started.
Resolve mutations for :app:compileDebugNavigationResources (Thread[#1886,included builds,5,main]) started.
:app:parseDebugLocalResources (Thread[#1887,Execution worker,5,main]) started.
:app:compileDebugNavigationResources (Thread[#1886,included builds,5,main]) started.

> Task :app:processDebugMainManifest UP-TO-DATE
Caching disabled for task ':app:processDebugMainManifest' because:
  Build cache is disabled
Skipping task ':app:processDebugMainManifest' as it is up-to-date.
Resolve mutations for :app:processDebugManifest (Thread[#1888,Execution worker Thread 2,5,main]) started.

> Task :app:compileDebugNavigationResources UP-TO-DATE
Caching disabled for task ':app:compileDebugNavigationResources' because:
  Build cache is disabled
Skipping task ':app:compileDebugNavigationResources' as it is up-to-date.
:app:processDebugManifest (Thread[#1888,Execution worker Thread 2,5,main]) started.

> Task :app:processDebugManifest UP-TO-DATE
Caching disabled for task ':app:processDebugManifest' because:
  Build cache is disabled
Skipping task ':app:processDebugManifest' as it is up-to-date.
Resolve mutations for :app:processDebugManifestForPackage (Thread[#1888,Execution worker Thread 2,5,main]) started.
:app:processDebugManifestForPackage (Thread[#1888,Execution worker Thread 2,5,main]) started.

> Task :app:processDebugManifestForPackage UP-TO-DATE
Caching disabled for task ':app:processDebugManifestForPackage' because:
  Build cache is disabled
Skipping task ':app:processDebugManifestForPackage' as it is up-to-date.

> Task :app:parseDebugLocalResources UP-TO-DATE
Caching disabled for task ':app:parseDebugLocalResources' because:
  Build cache is disabled
Skipping task ':app:parseDebugLocalResources' as it is up-to-date.
Resolve mutations for :app:generateDebugRFile (Thread[#1887,Execution worker,5,main]) started.
:app:generateDebugRFile (Thread[#1887,Execution worker,5,main]) started.
Resolve mutations for :app:processDebugResources (Thread[#1888,Execution worker Thread 2,5,main]) started.
:app:processDebugResources (Thread[#1888,Execution worker Thread 2,5,main]) started.

> Task :app:generateDebugRFile UP-TO-DATE
Caching disabled for task ':app:generateDebugRFile' because:
  Build cache is disabled
Skipping task ':app:generateDebugRFile' as it is up-to-date.
Resolve mutations for :app:compileDebugKotlin (Thread[#1887,Execution worker,5,main]) started.
:app:compileDebugKotlin (Thread[#1887,Execution worker,5,main]) started.

> Task :app:processDebugResources UP-TO-DATE
Caching disabled for task ':app:processDebugResources' because:
  Build cache is disabled
Skipping task ':app:processDebugResources' as it is up-to-date.

> Task :app:compileDebugKotlin UP-TO-DATE
file or directory 'C:\Users\Administrator\AndroidStudioProjects\ImageSearch\app\src\main\kotlin', not found
file or directory 'C:\Users\Administrator\AndroidStudioProjects\ImageSearch\app\src\debug\java', not found
file or directory 'C:\Users\Administrator\AndroidStudioProjects\ImageSearch\app\src\debug\kotlin', not found
file or directory 'C:\Users\Administrator\AndroidStudioProjects\ImageSearch\app\src\debug\java', not found
file or directory 'C:\Users\Administrator\AndroidStudioProjects\ImageSearch\app\src\main\kotlin', not found
file or directory 'C:\Users\Administrator\AndroidStudioProjects\ImageSearch\app\src\debug\java', not found
file or directory 'C:\Users\Administrator\AndroidStudioProjects\ImageSearch\app\src\debug\kotlin', not found
file or directory 'C:\Users\Administrator\AndroidStudioProjects\ImageSearch\app\src\debug\java', not found
file or directory 'C:\Users\Administrator\AndroidStudioProjects\ImageSearch\app\src\main\kotlin', not found
file or directory 'C:\Users\Administrator\AndroidStudioProjects\ImageSearch\app\src\debug\java', not found
file or directory 'C:\Users\Administrator\AndroidStudioProjects\ImageSearch\app\src\debug\kotlin', not found
file or directory 'C:\Users\Administrator\AndroidStudioProjects\ImageSearch\app\src\debug\java', not found
Caching disabled for task ':app:compileDebugKotlin' because:
  Build cache is disabled
Skipping task ':app:compileDebugKotlin' as it is up-to-date.
Resolve mutations for :app:compileDebugJavaWithJavac (Thread[#1888,Execution worker Thread 2,5,main]) started.
Resolve mutations for :app:processDebugJavaRes (Thread[#1887,Execution worker,5,main]) started.
:app:processDebugJavaRes (Thread[#1887,Execution worker,5,main]) started.
:app:compileDebugJavaWithJavac (Thread[#1888,Execution worker Thread 2,5,main]) started.

> Task :app:compileDebugJavaWithJavac NO-SOURCE
Skipping task ':app:compileDebugJavaWithJavac' as it has no source files and no previous output files.
Resolve mutations for :app:bundleDebugClassesToRuntimeJar (Thread[#1888,Execution worker Thread 2,5,main]) started.
:app:bundleDebugClassesToRuntimeJar (Thread[#1888,Execution worker Thread 2,5,main]) started.
Resolve mutations for :app:bundleDebugClassesToCompileJar (Thread[#1886,included builds,5,main]) started.
:app:bundleDebugClassesToCompileJar (Thread[#1886,included builds,5,main]) started.

> Task :app:bundleDebugClassesToRuntimeJar UP-TO-DATE
Caching disabled for task ':app:bundleDebugClassesToRuntimeJar' because:
  Build cache is disabled
  Caching has been disabled for the task
Skipping task ':app:bundleDebugClassesToRuntimeJar' as it is up-to-date.

> Task :app:bundleDebugClassesToCompileJar UP-TO-DATE
Caching disabled for task ':app:bundleDebugClassesToCompileJar' because:
  Build cache is disabled
  Caching has been disabled for the task
Skipping task ':app:bundleDebugClassesToCompileJar' as it is up-to-date.
work action resolve classes.jar (project :app) (Thread[#1886,included builds,5,main]) started.
Resolve mutations for :app:compileDebugUnitTestKotlin (Thread[#1886,included builds,5,main]) started.
work action resolve classes.jar (project :app) (Thread[#1889,Execution worker Thread 3,5,main]) started.
:app:compileDebugUnitTestKotlin (Thread[#1886,included builds,5,main]) started.

> Task :app:processDebugJavaRes UP-TO-DATE
file or directory 'C:\Users\Administrator\AndroidStudioProjects\ImageSearch\app\src\main\resources', not found
file or directory 'C:\Users\Administrator\AndroidStudioProjects\ImageSearch\app\src\debug\resources', not found
Caching disabled for task ':app:processDebugJavaRes' because:
  Build cache is disabled
  Caching has been disabled for the task
Skipping task ':app:processDebugJavaRes' as it is up-to-date.
work action resolve out (project :app) (Thread[#1888,Execution worker Thread 2,5,main]) started.

> Task :app:compileDebugUnitTestKotlin UP-TO-DATE
file or directory 'C:\Users\Administrator\AndroidStudioProjects\ImageSearch\app\src\test\kotlin', not found
file or directory 'C:\Users\Administrator\AndroidStudioProjects\ImageSearch\app\src\testDebug\java', not found
file or directory 'C:\Users\Administrator\AndroidStudioProjects\ImageSearch\app\src\testDebug\kotlin', not found
file or directory 'C:\Users\Administrator\AndroidStudioProjects\ImageSearch\app\src\testDebug\java', not found
file or directory 'C:\Users\Administrator\AndroidStudioProjects\ImageSearch\app\src\test\kotlin', not found
file or directory 'C:\Users\Administrator\AndroidStudioProjects\ImageSearch\app\src\testDebug\java', not found
file or directory 'C:\Users\Administrator\AndroidStudioProjects\ImageSearch\app\src\testDebug\kotlin', not found
file or directory 'C:\Users\Administrator\AndroidStudioProjects\ImageSearch\app\src\testDebug\java', not found
file or directory 'C:\Users\Administrator\AndroidStudioProjects\ImageSearch\app\src\test\kotlin', not found
file or directory 'C:\Users\Administrator\AndroidStudioProjects\ImageSearch\app\src\testDebug\java', not found
file or directory 'C:\Users\Administrator\AndroidStudioProjects\ImageSearch\app\src\testDebug\kotlin', not found
file or directory 'C:\Users\Administrator\AndroidStudioProjects\ImageSearch\app\src\testDebug\java', not found
Caching disabled for task ':app:compileDebugUnitTestKotlin' because:
  Build cache is disabled
Skipping task ':app:compileDebugUnitTestKotlin' as it is up-to-date.
Resolve mutations for :app:compileDebugUnitTestJavaWithJavac (Thread[#1886,included builds,5,main]) started.
Resolve mutations for :app:processDebugUnitTestJavaRes (Thread[#1887,Execution worker,5,main]) started.
:app:compileDebugUnitTestJavaWithJavac (Thread[#1886,included builds,5,main]) started.
:app:processDebugUnitTestJavaRes (Thread[#1887,Execution worker,5,main]) started.

> Task :app:compileDebugUnitTestJavaWithJavac NO-SOURCE
Skipping task ':app:compileDebugUnitTestJavaWithJavac' as it has no source files and no previous output files.

> Task :app:processDebugUnitTestJavaRes UP-TO-DATE
file or directory 'C:\Users\Administrator\AndroidStudioProjects\ImageSearch\app\src\test\resources', not found
file or directory 'C:\Users\Administrator\AndroidStudioProjects\ImageSearch\app\src\testDebug\resources', not found
Caching disabled for task ':app:processDebugUnitTestJavaRes' because:
  Build cache is disabled
  Caching has been disabled for the task
Skipping task ':app:processDebugUnitTestJavaRes' as it is up-to-date.
Resolve mutations for :app:testDebugUnitTest (Thread[#1887,Execution worker,5,main]) started.
:app:testDebugUnitTest (Thread[#1887,Execution worker,5,main]) started.
Gradle Test Executor 5 started executing tests.
Gradle Test Executor 5 finished executing tests.

> Task :app:testDebugUnitTest FAILED
Caching disabled for task ':app:testDebugUnitTest' because:
  Build cache is disabled
Task ':app:testDebugUnitTest' is not up-to-date because:
  Task has failed previously.
file or directory 'C:\Users\Administrator\AndroidStudioProjects\ImageSearch\app\build\intermediates\javac\debugUnitTest\compileDebugUnitTestJavaWithJavac\classes', not found
Starting process 'Gradle Test Executor 5'. Working directory: C:\Users\Administrator\AndroidStudioProjects\ImageSearch\app Command: C:\Program Files\Android\Android Studio\jbr\bin\java.exe -Djava.awt.headless=true -Djava.library.path=C:\Program Files\Android\Android Studio\jbr\bin;C:\Windows\Sun\Java\bin;C:\Windows\system32;C:\Windows;C:\Python314\Scripts\;C:\Python314\;C:\Program Files (x86)\Common Files\Oracle\Java\java8path;C:\Program Files (x86)\Common Files\Oracle\Java\javapath;C:\Windows\system32;C:\Windows;C:\Windows\System32\Wbem;C:\Windows\System32\WindowsPowerShell\v1.0\;C:\Windows\System32\OpenSSH\;C:\Program Files (x86)\NVIDIA Corporation\PhysX\Common;C:\Program Files\dotnet\;C:\Program Files\Git\cmd;C:\Program Files\nodejs\;C:\ProgramData\chocolatey\bin;C:\Program Files (x86)\Windows Kits\10\Windows Performance Toolkit\;C:\Users\Administrator\AppData\Local\Microsoft\WindowsApps;C:\Users\Administrator\AppData\Local\Programs\Microsoft VS Code\bin;C:\Users\Administrator\AppData\Roaming\npm;C:\Users\Administrator\AppData\Local\Python\bin;C:\Users\Administrator\AppData\Local\Muse Hub\lib;.;C:\Users\Administrator\AndroidStudioProjects\ImageSearch\app\src\testDebug\jniLibs;C:\Users\Administrator\AndroidStudioProjects\ImageSearch\app\src\test\jniLibs -Dorg.gradle.internal.worker.tmpdir=C:\Users\Administrator\AndroidStudioProjects\ImageSearch\app\build\tmp\testDebugUnitTest\work --add-opens=java.base/java.io=ALL-UNNAMED @C:\Users\Administrator\.gradle\.tmp\gradle-worker-classpath7030299688559680944txt -Xmx512m -Dfile.encoding=UTF-8 -Duser.country=BR -Duser.language=pt -Duser.variant -ea worker.org.gradle.process.internal.worker.GradleWorkerMain 'Gradle Test Executor 5'
Successfully started process 'Gradle Test Executor 5'
Generating HTML test report...
Finished generating test html results (0.002 secs) into: C:\Users\Administrator\AndroidStudioProjects\ImageSearch\app\build\reports\tests\testDebugUnitTest
Finished generating test XML results (0.0 secs) into: C:\Users\Administrator\AndroidStudioProjects\ImageSearch\app\build\test-results\testDebugUnitTest
Build da754388-1898-4b0b-a6e6-2881952486e0 is closed
.\gradlew : 
At line:1 char:1
+ .\gradlew test --info > test_output.txt 2>&1
+ ~~~~~~~~~~~~~~~~~~~~~~~~~~~~~~~~~~~~~~~~~~~~
    + CategoryInfo          : NotSpecified: (:String) [], RemoteException
    + FullyQualifiedErrorId : NativeCommandError
 
FAILURE: Build failed with an exception.

* What went wrong:
Execution failed for task ':app:testDebugUnitTest'.
> There are test sources present and no filters are applied, but the test task did not discover any tests to execute. This is likely due to a 
misconfiguration. Please check your test configuration. If this is not a misconfiguration, this error can be disabled by setting the 
'failOnNoDiscoveredTests' property to false.

* Try:
> Run with --scan to get full insights from a Build Scan (powered by Develocity).

BUILD FAILED in 2s
24 actionable tasks: 1 executed, 23 up-to-date
Watched directory hierarchies: [C:\Users\Administrator\AndroidStudioProjects\ImageSearch]
Configuration cache entry reused.
